// Jest Snapshot v1, https://goo.gl/fbAQLP

exports[`App renders correctly 1`] = `
<BrowserRouter>
  <div
    className="app"
  >
    <Switch>
      <Route
        component={[Function]}
        exact={true}
        path="/"
      />
      <Route
        component={[Function]}
        path="/messenger"
      />
      <Route
        component={[Function]}
        path="/message/:id"
      />
    </Switch>
  </div>
</BrowserRouter>
`;
