// Jest Snapshot v1, https://goo.gl/fbAQLP

exports[`Header renders correctly 1`] = `
<div>
  <Link
    replace={false}
    to="/"
  >
    <h3>
      /chat
    </h3>
  </Link>
</div>
`;
