// Jest Snapshot v1, https://goo.gl/fbAQLP

exports[`Messenger renders correctly 1`] = `
<div>
  <MessageSearchBar
    handleSearchTermChange={[Function]}
    searchTerm=""
  />
  <MessageBox
    handleNewMsg={[Function]}
    searchTerm=""
  />
</div>
`;
