// Jest Snapshot v1, https://goo.gl/fbAQLP

exports[`Message renders correctly 1`] = `
<div>
  <span>
    [
    ] 
  </span>
  <span>
     says: 
  </span>
  <span>
     
  </span>
</div>
`;
